Combination: 1; TestConfiguration = Format: JsonLight, Request: True, Synchronous: False
Model Present: true
{"primitiveParameter":"StringValue","complexParameter":{"Street":{"StreetName":"One Redmond Way","Number":1234},"City":"Redmond "},"primitiveCollectionParameter":["Value1","Value2","Value3"],"complexCollectionParameter":[{"Street":{"StreetName":"One Redmond Way","Number":1234},"City":"Redmond "}]}

Combination: 2; TestConfiguration = Format: JsonLight, Request: True, Synchronous: True
Model Present: true
{"primitiveParameter":"StringValue","complexParameter":{"Street":{"StreetName":"One Redmond Way","Number":1234},"City":"Redmond "},"primitiveCollectionParameter":["Value1","Value2","Value3"],"complexCollectionParameter":[{"Street":{"StreetName":"One Redmond Way","Number":1234},"City":"Redmond "}]}

Combination: 3; TestConfiguration = Format: JsonLight, Request: True, Synchronous: False
Model Present: true
{"primitiveParameter":"StringValue","complexParameter":{"Street":{"StreetName":"One Redmond Way","Number":1234},"City":"Redmond "},"primitiveCollectionParameter":["Value1","Value2","Value3"],"complexCollectionParameter":[{"Street":{"StreetName":"One Redmond Way","Number":1234},"City":"Redmond "}]}

Combination: 4; TestConfiguration = Format: JsonLight, Request: True, Synchronous: True
Model Present: true
{"primitiveParameter":"StringValue","complexParameter":{"Street":{"StreetName":"One Redmond Way","Number":1234},"City":"Redmond "},"primitiveCollectionParameter":["Value1","Value2","Value3"],"complexCollectionParameter":[{"Street":{"StreetName":"One Redmond Way","Number":1234},"City":"Redmond "}]}

Combination: 5; TestConfiguration = Format: JsonLight, Request: True, Synchronous: False
Model Present: true
{"primitiveParameter":"StringValue","complexParameter":{"Street":{"StreetName":"One Redmond Way","Number":1234},"City":"Redmond "},"primitiveCollectionParameter":["Value1","Value2","Value3"],"complexCollectionParameter":[{"Street":{"StreetName":"One Redmond Way","Number":1234},"City":"Redmond "}]}

Combination: 6; TestConfiguration = Format: JsonLight, Request: True, Synchronous: True
Model Present: true
{"primitiveParameter":"StringValue","complexParameter":{"Street":{"StreetName":"One Redmond Way","Number":1234},"City":"Redmond "},"primitiveCollectionParameter":["Value1","Value2","Value3"],"complexCollectionParameter":[{"Street":{"StreetName":"One Redmond Way","Number":1234},"City":"Redmond "}]}

Combination: 7; TestConfiguration = Format: JsonLight, Request: True, Synchronous: False
Model Present: true
{"primitiveParameter":"StringValue","complexParameter":{"Street":{"StreetName":"One Redmond Way","Number":1234},"City":"Redmond "},"primitiveCollectionParameter":["Value1","Value2","Value3"],"complexCollectionParameter":[{"Street":{"StreetName":"One Redmond Way","Number":1234},"City":"Redmond "}]}

Combination: 8; TestConfiguration = Format: JsonLight, Request: True, Synchronous: True
Model Present: true
{"primitiveParameter":"StringValue","complexParameter":{"Street":{"StreetName":"One Redmond Way","Number":1234},"City":"Redmond "},"primitiveCollectionParameter":["Value1","Value2","Value3"],"complexCollectionParameter":[{"Street":{"StreetName":"One Redmond Way","Number":1234},"City":"Redmond "}]}

