Combination: 1; TestConfiguration = Format: JsonLight, Request: True, Synchronous: True
Model Present: true
{"@odata.context":"http://odata.org/$metadata#$ref","@odata.id":"http://odata.org/linkresult"}

Combination: 2; TestConfiguration = Format: JsonLight, Request: False, Synchronous: True
Model Present: true
{
  "@odata.context":"http://odata.org/$metadata#$ref","@odata.id":"http://odata.org/linkresult"
}

Combination: 3; TestConfiguration = Format: JsonLight, Request: True, Synchronous: False
Model Present: true
{
  "@odata.context":"http://odata.org/$metadata#$ref","@odata.id":"http://odata.org/linkresult"
}

Combination: 4; TestConfiguration = Format: JsonLight, Request: False, Synchronous: False
Model Present: true
{
  "@odata.context":"http://odata.org/$metadata#$ref","@odata.id":"http://odata.org/linkresult"
}

Combination: 5; TestConfiguration = Format: Atom, Request: True, Synchronous: True
Model Present: false
<?xml version="1.0" encoding="utf-8"?><m:ref m:context="http://odata.org/$metadata#$ref" id="http://odata.org/linkresult" xmlns:m="http://docs.oasis-open.org/odata/ns/metadata" />

Combination: 6; TestConfiguration = Format: Atom, Request: False, Synchronous: True
Model Present: false
<?xml version="1.0" encoding="utf-8"?>
<m:ref m:context="http://odata.org/$metadata#$ref" id="http://odata.org/linkresult" xmlns:m="http://docs.oasis-open.org/odata/ns/metadata" />

Combination: 7; TestConfiguration = Format: Atom, Request: True, Synchronous: False
Model Present: false
<?xml version="1.0" encoding="utf-8"?>
<m:ref m:context="http://odata.org/$metadata#$ref" id="http://odata.org/linkresult" xmlns:m="http://docs.oasis-open.org/odata/ns/metadata" />

Combination: 8; TestConfiguration = Format: Atom, Request: False, Synchronous: False
Model Present: false
<?xml version="1.0" encoding="utf-8"?>
<m:ref m:context="http://odata.org/$metadata#$ref" id="http://odata.org/linkresult" xmlns:m="http://docs.oasis-open.org/odata/ns/metadata" />

Combination: 9; TestConfiguration = Format: JsonLight, Request: True, Synchronous: True
Model Present: true
{"@odata.context":"http://odata.org/$metadata#$ref","@odata.id":"http://odata.org/linkresult"}

Combination: 10; TestConfiguration = Format: JsonLight, Request: False, Synchronous: True
Model Present: true
{
  "@odata.context":"http://odata.org/$metadata#$ref","@odata.id":"http://odata.org/linkresult"
}

Combination: 11; TestConfiguration = Format: JsonLight, Request: True, Synchronous: False
Model Present: true
{
  "@odata.context":"http://odata.org/$metadata#$ref","@odata.id":"http://odata.org/linkresult"
}

Combination: 12; TestConfiguration = Format: JsonLight, Request: False, Synchronous: False
Model Present: true
{
  "@odata.context":"http://odata.org/$metadata#$ref","@odata.id":"http://odata.org/linkresult"
}

Combination: 13; TestConfiguration = Format: Atom, Request: True, Synchronous: True
Model Present: false
<?xml version="1.0" encoding="utf-8"?><m:ref m:context="http://odata.org/$metadata#$ref" id="http://odata.org/linkresult" xmlns:m="http://docs.oasis-open.org/odata/ns/metadata" />

Combination: 14; TestConfiguration = Format: Atom, Request: False, Synchronous: True
Model Present: false
<?xml version="1.0" encoding="utf-8"?>
<m:ref m:context="http://odata.org/$metadata#$ref" id="http://odata.org/linkresult" xmlns:m="http://docs.oasis-open.org/odata/ns/metadata" />

Combination: 15; TestConfiguration = Format: Atom, Request: True, Synchronous: False
Model Present: false
<?xml version="1.0" encoding="utf-8"?>
<m:ref m:context="http://odata.org/$metadata#$ref" id="http://odata.org/linkresult" xmlns:m="http://docs.oasis-open.org/odata/ns/metadata" />

Combination: 16; TestConfiguration = Format: Atom, Request: False, Synchronous: False
Model Present: false
<?xml version="1.0" encoding="utf-8"?>
<m:ref m:context="http://odata.org/$metadata#$ref" id="http://odata.org/linkresult" xmlns:m="http://docs.oasis-open.org/odata/ns/metadata" />

Combination: 17; TestConfiguration = Format: JsonLight, Request: True, Synchronous: True
Model Present: true
{"@odata.context":"http://odata.org/$metadata#$ref","@odata.id":"http://odata.org/linkresult"}

Combination: 18; TestConfiguration = Format: JsonLight, Request: False, Synchronous: True
Model Present: true
{
  "@odata.context":"http://odata.org/$metadata#$ref","@odata.id":"http://odata.org/linkresult"
}

Combination: 19; TestConfiguration = Format: JsonLight, Request: True, Synchronous: False
Model Present: true
{
  "@odata.context":"http://odata.org/$metadata#$ref","@odata.id":"http://odata.org/linkresult"
}

Combination: 20; TestConfiguration = Format: JsonLight, Request: False, Synchronous: False
Model Present: true
{
  "@odata.context":"http://odata.org/$metadata#$ref","@odata.id":"http://odata.org/linkresult"
}

Combination: 21; TestConfiguration = Format: Atom, Request: True, Synchronous: True
Model Present: false
<?xml version="1.0" encoding="utf-8"?><m:ref m:context="http://odata.org/$metadata#$ref" id="http://odata.org/linkresult" xmlns:m="http://docs.oasis-open.org/odata/ns/metadata" />

Combination: 22; TestConfiguration = Format: Atom, Request: False, Synchronous: True
Model Present: false
<?xml version="1.0" encoding="utf-8"?>
<m:ref m:context="http://odata.org/$metadata#$ref" id="http://odata.org/linkresult" xmlns:m="http://docs.oasis-open.org/odata/ns/metadata" />

Combination: 23; TestConfiguration = Format: Atom, Request: True, Synchronous: False
Model Present: false
<?xml version="1.0" encoding="utf-8"?>
<m:ref m:context="http://odata.org/$metadata#$ref" id="http://odata.org/linkresult" xmlns:m="http://docs.oasis-open.org/odata/ns/metadata" />

Combination: 24; TestConfiguration = Format: Atom, Request: False, Synchronous: False
Model Present: false
<?xml version="1.0" encoding="utf-8"?>
<m:ref m:context="http://odata.org/$metadata#$ref" id="http://odata.org/linkresult" xmlns:m="http://docs.oasis-open.org/odata/ns/metadata" />

Combination: 25; TestConfiguration = Format: JsonLight, Request: True, Synchronous: True
Model Present: true
{"@odata.context":"http://odata.org/$metadata#$ref","@odata.id":"relative"}

Combination: 26; TestConfiguration = Format: JsonLight, Request: False, Synchronous: True
Model Present: true
{
  "@odata.context":"http://odata.org/$metadata#$ref","@odata.id":"relative"
}

Combination: 27; TestConfiguration = Format: JsonLight, Request: True, Synchronous: False
Model Present: true
{
  "@odata.context":"http://odata.org/$metadata#$ref","@odata.id":"relative"
}

Combination: 28; TestConfiguration = Format: JsonLight, Request: False, Synchronous: False
Model Present: true
{
  "@odata.context":"http://odata.org/$metadata#$ref","@odata.id":"relative"
}

Combination: 33; TestConfiguration = Format: JsonLight, Request: True, Synchronous: True
Model Present: true
{"@odata.context":"http://odata.org/$metadata#$ref","@odata.id":"relative"}

Combination: 34; TestConfiguration = Format: JsonLight, Request: False, Synchronous: True
Model Present: true
{
  "@odata.context":"http://odata.org/$metadata#$ref","@odata.id":"relative"
}

Combination: 35; TestConfiguration = Format: JsonLight, Request: True, Synchronous: False
Model Present: true
{
  "@odata.context":"http://odata.org/$metadata#$ref","@odata.id":"relative"
}

Combination: 36; TestConfiguration = Format: JsonLight, Request: False, Synchronous: False
Model Present: true
{
  "@odata.context":"http://odata.org/$metadata#$ref","@odata.id":"relative"
}

Combination: 41; TestConfiguration = Format: JsonLight, Request: True, Synchronous: True
Model Present: true
{"@odata.context":"http://odata.org/$metadata#$ref","@odata.id":"relative"}

Combination: 42; TestConfiguration = Format: JsonLight, Request: False, Synchronous: True
Model Present: true
{
  "@odata.context":"http://odata.org/$metadata#$ref","@odata.id":"relative"
}

Combination: 43; TestConfiguration = Format: JsonLight, Request: True, Synchronous: False
Model Present: true
{
  "@odata.context":"http://odata.org/$metadata#$ref","@odata.id":"relative"
}

Combination: 44; TestConfiguration = Format: JsonLight, Request: False, Synchronous: False
Model Present: true
{
  "@odata.context":"http://odata.org/$metadata#$ref","@odata.id":"relative"
}

