Combination: 1; TestConfiguration = Format: JsonLight, Request: True, Synchronous: True
Model Present: true
{}

Combination: 2; TestConfiguration = Format: JsonLight, Request: True, Synchronous: True
Model Present: true
{"p1":"foo"}

Combination: 3; TestConfiguration = Format: JsonLight, Request: True, Synchronous: True
Model Present: true
{"p1":null}

Combination: 4; TestConfiguration = Format: JsonLight, Request: True, Synchronous: True
Model Present: true
{"p1":""}

Combination: 5; TestConfiguration = Format: JsonLight, Request: True, Synchronous: True
Model Present: true
{"p1":2}

Combination: 6; TestConfiguration = Format: JsonLight, Request: True, Synchronous: True
Model Present: true
{"p1":"2011-09-26T13:20:48Z"}

Combination: 7; TestConfiguration = Format: JsonLight, Request: True, Synchronous: True
Model Present: true
{"p2":{}}

Combination: 8; TestConfiguration = Format: JsonLight, Request: True, Synchronous: True
Model Present: true
{"p1":{"One":1}}

Combination: 9; TestConfiguration = Format: JsonLight, Request: True, Synchronous: True
Model Present: true
{"p1":{"One":1,"Two":2,"Three":3}}

Combination: 10; TestConfiguration = Format: JsonLight, Request: True, Synchronous: True
Model Present: true
{"p1":{"One":1,"Two":2.222,"Three":-3.333,"Four":null,"Five":"","Six":"Six","Seven":"2011-09-26T13:20:48Z","Eight":12345678,"Nine":0,"Ten":-342356}}

Combination: 11; TestConfiguration = Format: JsonLight, Request: True, Synchronous: True
Model Present: true
{"p1":{"One":1,"Two":{"TwoPropertyValue":2},"Three":3}}

Combination: 12; TestConfiguration = Format: JsonLight, Request: True, Synchronous: True
Model Present: true
{"p1":{"One":["item1","item2"]}}

Combination: 13; TestConfiguration = Format: JsonLight, Request: True, Synchronous: True
Model Present: true
{"p2":[]}

Combination: 14; TestConfiguration = Format: JsonLight, Request: True, Synchronous: True
Model Present: true
{"p1":"foo","p2":"bar"}

Combination: 15; TestConfiguration = Format: JsonLight, Request: True, Synchronous: True
Model Present: true
{"p1":"foo","p2":{}}

Combination: 16; TestConfiguration = Format: JsonLight, Request: True, Synchronous: True
Model Present: true
{"p1":"foo","p2":[]}

Combination: 17; TestConfiguration = Format: JsonLight, Request: True, Synchronous: True
Model Present: true
{"p1":[],"p2":"foo"}

Combination: 18; TestConfiguration = Format: JsonLight, Request: True, Synchronous: True
Model Present: true
{"p1":[],"p2":[]}

Combination: 19; TestConfiguration = Format: JsonLight, Request: True, Synchronous: True
Model Present: true
{"p1":{"@odata.type":"#TestModel.TestEntityType","ID":1,"Name":"TestName","ComplexProperty":{}},"p2":{"One":1,"Two":2,"Three":3}}

Combination: 20; TestConfiguration = Format: JsonLight, Request: True, Synchronous: True
Model Present: true
{"p1":[{"@odata.type":"#TestModel.TestEntityType","ID":1,"Name":"TestName","ComplexProperty":{}}]}

Combination: 21; TestConfiguration = Format: JsonLight, Request: True, Synchronous: False
Model Present: true
{}

Combination: 22; TestConfiguration = Format: JsonLight, Request: True, Synchronous: False
Model Present: true
{"p1":"foo"}

Combination: 23; TestConfiguration = Format: JsonLight, Request: True, Synchronous: False
Model Present: true
{"p1":null}

Combination: 24; TestConfiguration = Format: JsonLight, Request: True, Synchronous: False
Model Present: true
{"p1":""}

Combination: 25; TestConfiguration = Format: JsonLight, Request: True, Synchronous: False
Model Present: true
{"p1":2}

Combination: 26; TestConfiguration = Format: JsonLight, Request: True, Synchronous: False
Model Present: true
{"p1":"2011-09-26T13:20:48Z"}

Combination: 27; TestConfiguration = Format: JsonLight, Request: True, Synchronous: False
Model Present: true
{"p2":{}}

Combination: 28; TestConfiguration = Format: JsonLight, Request: True, Synchronous: False
Model Present: true
{"p1":{"One":1}}

Combination: 29; TestConfiguration = Format: JsonLight, Request: True, Synchronous: False
Model Present: true
{"p1":{"One":1,"Two":2,"Three":3}}

Combination: 30; TestConfiguration = Format: JsonLight, Request: True, Synchronous: False
Model Present: true
{"p1":{"One":1,"Two":2.222,"Three":-3.333,"Four":null,"Five":"","Six":"Six","Seven":"2011-09-26T13:20:48Z","Eight":12345678,"Nine":0,"Ten":-342356}}

Combination: 31; TestConfiguration = Format: JsonLight, Request: True, Synchronous: False
Model Present: true
{"p1":{"One":1,"Two":{"TwoPropertyValue":2},"Three":3}}

Combination: 32; TestConfiguration = Format: JsonLight, Request: True, Synchronous: False
Model Present: true
{"p1":{"One":["item1","item2"]}}

Combination: 33; TestConfiguration = Format: JsonLight, Request: True, Synchronous: False
Model Present: true
{"p2":[]}

Combination: 34; TestConfiguration = Format: JsonLight, Request: True, Synchronous: False
Model Present: true
{"p1":"foo","p2":"bar"}

Combination: 35; TestConfiguration = Format: JsonLight, Request: True, Synchronous: False
Model Present: true
{"p1":"foo","p2":{}}

Combination: 36; TestConfiguration = Format: JsonLight, Request: True, Synchronous: False
Model Present: true
{"p1":"foo","p2":[]}

Combination: 37; TestConfiguration = Format: JsonLight, Request: True, Synchronous: False
Model Present: true
{"p1":[],"p2":"foo"}

Combination: 38; TestConfiguration = Format: JsonLight, Request: True, Synchronous: False
Model Present: true
{"p1":[],"p2":[]}

Combination: 39; TestConfiguration = Format: JsonLight, Request: True, Synchronous: False
Model Present: true
{"p1":{"@odata.type":"#TestModel.TestEntityType","ID":1,"Name":"TestName","ComplexProperty":{}},"p2":{"One":1,"Two":2,"Three":3}}

Combination: 40; TestConfiguration = Format: JsonLight, Request: True, Synchronous: False
Model Present: true
{"p1":[{"@odata.type":"#TestModel.TestEntityType","ID":1,"Name":"TestName","ComplexProperty":{}}]}

