$orderby = CustomerForOrder/FirstName desc


OrderByClause
	Item Type = [Microsoft.Test.Taupo.OData.WCFService.Order Nullable=False]
	Direction = Descending
	Range Variable = 
	EntityRangeVariable
		Name = $it
		NavigationSource = SpecialOrder
		TypeReference = [Microsoft.Test.Taupo.OData.WCFService.Order Nullable=False]
	Expression = 
	SingleValuePropertyAccessNode
		Property = FirstName
		TypeReference = [Edm.String Nullable=True Unicode=True]
		Source = 
		SingleNavigationNode
			NavigationSource = CustomerForOrder
			Type Reference = [Microsoft.Test.Taupo.OData.WCFService.Customer Nullable=True]
			Property = CustomerForOrder
			Multiplicity = ZeroOrOne
			Source = 
			ResourceRangeVariableReferenceNode
				Name = $it
				NavigationSource = SpecialOrder
				TypeReference = [Microsoft.Test.Taupo.OData.WCFService.Order Nullable=False]
				Range Variable = Microsoft.OData.UriParser.EntityRangeVariable
	Then By = 