$select = 
$expand = CustomerForOrder($orderby=FirstName)


SelectExpandQueryOption
	AllSelected = True
	SelectedItems
		Expanded Navigation Property
			Path[(NavigationProperty: CustomerForOrder)]
			OrderByClause
				Item Type = [Microsoft.Test.Taupo.OData.WCFService.Customer Nullable=False]
				Direction = Ascending
				Range Variable = 
				EntityRangeVariable
					Name = $it
					NavigationSource = CustomerForOrder
					TypeReference = [Microsoft.Test.Taupo.OData.WCFService.Customer Nullable=False]
				Expression = 
				SingleValuePropertyAccessNode
					Property = FirstName
					TypeReference = [Edm.String Nullable=True Unicode=True]
					Source = 
					EntityRangeVariableReferenceNode
						Name = $it
						NavigationSource = CustomerForOrder
						TypeReference = [Microsoft.Test.Taupo.OData.WCFService.Customer Nullable=False]
						Range Variable = Microsoft.OData.UriParser.EntityRangeVariable
				Then By = 
			SelectExpandQueryOption
				AllSelected = True
				SelectedItems(Empty List)