Combination: 1; TestConfiguration = Format: JsonLight, Request: True, Synchronous: True
Model Present: true
{"@odata.context":"http://odata.org/test/$metadata#Edm.Null","@odata.null":true}

Combination: 2; TestConfiguration = Format: JsonLight, Request: False, Synchronous: True
Model Present: true
{"@odata.context":"http://odata.org/test/$metadata#Edm.Null","@odata.null":true}

Combination: 3; TestConfiguration = Format: JsonLight, Request: True, Synchronous: False
Model Present: true
{"@odata.context":"http://odata.org/test/$metadata#Edm.Null","@odata.null":true}

Combination: 4; TestConfiguration = Format: JsonLight, Request: False, Synchronous: False
Model Present: true
{"@odata.context":"http://odata.org/test/$metadata#Edm.Null","@odata.null":true}

