$filter = replace(FirstName, 'd', 'n') eq 'bran'


FilterQueryOption
	ItemType = [Microsoft.Test.Taupo.OData.WCFService.Customer Nullable=False]
	Parameter = 
	EntityRangeVariable
		Name = $it
		NavigationSource = Customers
		TypeReference = [Microsoft.Test.Taupo.OData.WCFService.Customer Nullable=False]
	Expression = 
		SingleValueFunctionCallNode
			Name = replace
			Return Type = [Edm.String Nullable=True Unicode=True]
			Function = 
			Arguments = 
				SingleValuePropertyAccessNode
					Property = FirstName
					TypeReference = [Edm.String Nullable=True Unicode=True]
					Source = 
					EntityRangeVariableReferenceNode
						Name = $it
						NavigationSource = Customers
						TypeReference = [Microsoft.Test.Taupo.OData.WCFService.Customer Nullable=False]
						Range Variable = Microsoft.OData.Core.UriParser.EntityRangeVariable
				d(Type: [Edm.String Nullable=True Unicode=True])
				n(Type: [Edm.String Nullable=True Unicode=True])
	Equal
		bran(Type: [Edm.String Nullable=True Unicode=True])