$filter = not contains('milk',Name) and indexof(Name, 'a') lt 3 or concat(Name, QuantityPerUnit) eq 'bubbles'


FilterQueryOption
	ItemType = [Microsoft.Test.Taupo.OData.WCFService.Product Nullable=False]
	Parameter = 
	EntityRangeVariable
		Name = $it
		NavigationSource = Products
		TypeReference = [Microsoft.Test.Taupo.OData.WCFService.Product Nullable=False]
	Expression = 
		ConvertNode
			TypeReference = [Edm.Boolean Nullable=True]
			Source = 
				Not(
					SingleValueFunctionCallNode
						Name = contains
						Return Type = [Edm.Boolean Nullable=False]
						Function = 
						Arguments = 
							milk(Type: [Edm.String Nullable=True Unicode=True])
							SingleValuePropertyAccessNode
								Property = Name
								TypeReference = [Edm.String Nullable=True Unicode=True]
								Source = 
								EntityRangeVariableReferenceNode
									Name = $it
									NavigationSource = Products
									TypeReference = [Microsoft.Test.Taupo.OData.WCFService.Product Nullable=False]
									Range Variable = Microsoft.OData.UriParser.EntityRangeVariable
				)
			And
					SingleValueFunctionCallNode
						Name = indexof
						Return Type = [Edm.Int32 Nullable=False]
						Function = 
						Arguments = 
							SingleValuePropertyAccessNode
								Property = Name
								TypeReference = [Edm.String Nullable=True Unicode=True]
								Source = 
								EntityRangeVariableReferenceNode
									Name = $it
									NavigationSource = Products
									TypeReference = [Microsoft.Test.Taupo.OData.WCFService.Product Nullable=False]
									Range Variable = Microsoft.OData.UriParser.EntityRangeVariable
							a(Type: [Edm.String Nullable=True Unicode=True])
				LessThan
					3(Type: [Edm.Int32 Nullable=False])
	Or
			SingleValueFunctionCallNode
				Name = concat
				Return Type = [Edm.String Nullable=True Unicode=True]
				Function = 
				Arguments = 
					SingleValuePropertyAccessNode
						Property = Name
						TypeReference = [Edm.String Nullable=True Unicode=True]
						Source = 
						EntityRangeVariableReferenceNode
							Name = $it
							NavigationSource = Products
							TypeReference = [Microsoft.Test.Taupo.OData.WCFService.Product Nullable=False]
							Range Variable = Microsoft.OData.UriParser.EntityRangeVariable
					SingleValuePropertyAccessNode
						Property = QuantityPerUnit
						TypeReference = [Edm.String Nullable=True Unicode=True]
						Source = 
						EntityRangeVariableReferenceNode
							Name = $it
							NavigationSource = Products
							TypeReference = [Microsoft.Test.Taupo.OData.WCFService.Product Nullable=False]
							Range Variable = Microsoft.OData.UriParser.EntityRangeVariable
		Equal
			bubbles(Type: [Edm.String Nullable=True Unicode=True])