$filter = ManufactureAddresss/Microsoft.Test.Taupo.OData.WCFService.HomeAddress/any(d:d/HomeNO ne '999')


FilterQueryOption
	ItemType = [Microsoft.Test.Taupo.OData.WCFService.Product Nullable=False]
	Parameter = 
	EntityRangeVariable
		Name = $it
		NavigationSource = Products
		TypeReference = [Microsoft.Test.Taupo.OData.WCFService.Product Nullable=False]
	Expression = 
	AnyNode
		TypeReference = [Edm.Boolean Nullable=True]
		Body = 
			SingleValuePropertyAccessNode
				Property = HomeNO
				TypeReference = [Edm.String Nullable=True Unicode=True]
				Source = 
				NonentityRangeVariableReferenceNode
					Name = d
					Range Variable = 
					NonentityRangeVariable
						Name = d
						TypeReference = [Microsoft.Test.Taupo.OData.WCFService.HomeAddress Nullable=False]
					TypeReference = [Microsoft.Test.Taupo.OData.WCFService.HomeAddress Nullable=False]
		NotEqual
			999(Type: [Edm.String Nullable=True Unicode=True])
		Source = 
		CollectionPropertyCastNode
			Property = ManufactureAddresss
			TypeReference = [Microsoft.Test.Taupo.OData.WCFService.HomeAddress Nullable=False]
			Source = 
			CollectionPropertyAccessNode
				Property = ManufactureAddresss
				ItemType = [Microsoft.Test.Taupo.OData.WCFService.Address Nullable=True]
				Source = 
				EntityRangeVariableReferenceNode
					Name = $it
					NavigationSource = Products
					TypeReference = [Microsoft.Test.Taupo.OData.WCFService.Product Nullable=False]
					Range Variable = Microsoft.OData.UriParser.EntityRangeVariable
		Parameters = 
		NonentityRangeVariable
			Name = d
			TypeReference = [Microsoft.Test.Taupo.OData.WCFService.HomeAddress Nullable=False]
		EntityRangeVariable
			Name = $it
			NavigationSource = Products
			TypeReference = [Microsoft.Test.Taupo.OData.WCFService.Product Nullable=False]