$filter = TimeBetweenLastTwoOrders lt TimeBetweenLastTwoOrders


FilterQueryOption
	ItemType = [Microsoft.Test.Taupo.OData.WCFService.Customer Nullable=False]
	Parameter = 
	EntityRangeVariable
		Name = $it
		NavigationSource = Customers
		TypeReference = [Microsoft.Test.Taupo.OData.WCFService.Customer Nullable=False]
	Expression = 
		SingleValuePropertyAccessNode
			Property = TimeBetweenLastTwoOrders
			TypeReference = [Edm.Duration Nullable=False Precision=0]
			Source = 
			ResourceRangeVariableReferenceNode
				Name = $it
				NavigationSource = Customers
				TypeReference = [Microsoft.Test.Taupo.OData.WCFService.Customer Nullable=False]
				Range Variable = Microsoft.OData.UriParser.EntityRangeVariable
	LessThan
		SingleValuePropertyAccessNode
			Property = TimeBetweenLastTwoOrders
			TypeReference = [Edm.Duration Nullable=False Precision=0]
			Source = 
			ResourceRangeVariableReferenceNode
				Name = $it
				NavigationSource = Customers
				TypeReference = [Microsoft.Test.Taupo.OData.WCFService.Customer Nullable=False]
				Range Variable = Microsoft.OData.UriParser.EntityRangeVariable