$filter = Brother/Microsoft.Test.Taupo.OData.WCFService.Customer/any(d:d/City ne 'Shanghai')


FilterQueryOption
	ItemType = [Microsoft.Test.Taupo.OData.WCFService.Person Nullable=False]
	Parameter = 
	EntityRangeVariable
		Name = $it
		NavigationSource = People
		TypeReference = [Microsoft.Test.Taupo.OData.WCFService.Person Nullable=False]
	Expression = 
	AnyNode
		TypeReference = [Edm.Boolean Nullable=True]
		Body = 
			SingleValuePropertyAccessNode
				Property = City
				TypeReference = [Edm.String Nullable=True Unicode=True]
				Source = 
				EntityRangeVariableReferenceNode
					Name = d
					NavigationSource = Brother
					TypeReference = [Microsoft.Test.Taupo.OData.WCFService.Customer Nullable=False]
					Range Variable = Microsoft.OData.Core.UriParser.EntityRangeVariable
		NotEqual
			Shanghai(Type: [Edm.String Nullable=True Unicode=True])
		Source = 
		EntityCollectionCastNode
			Entity Item Type = [Microsoft.Test.Taupo.OData.WCFService.Customer Nullable=False]
			NavigationSource = Brother
			Item Type = [Microsoft.Test.Taupo.OData.WCFService.Customer Nullable=False]
			Source = 
			CollectionNavigationNode
				ItemType = [Microsoft.Test.Taupo.OData.WCFService.Person Nullable=True]
				Entity Item Type = [Microsoft.Test.Taupo.OData.WCFService.Person Nullable=True]
				NavigationSource = Brother
				Multiplicity = Many
				Navigation Property = Brother
				Source = 
				EntityRangeVariableReferenceNode
					Name = $it
					NavigationSource = People
					TypeReference = [Microsoft.Test.Taupo.OData.WCFService.Person Nullable=False]
					Range Variable = Microsoft.OData.Core.UriParser.EntityRangeVariable
		Parameters = 
		EntityRangeVariable
			Name = d
			NavigationSource = Brother
			TypeReference = [Microsoft.Test.Taupo.OData.WCFService.Customer Nullable=False]
		EntityRangeVariable
			Name = $it
			NavigationSource = People
			TypeReference = [Microsoft.Test.Taupo.OData.WCFService.Person Nullable=False]