$filter = Home ne null


FilterQueryOption
	ItemType = [Microsoft.Test.Taupo.OData.WCFService.Person Nullable=False]
	Parameter = 
	EntityRangeVariable
		Name = $it
		NavigationSource = People
		TypeReference = [Microsoft.Test.Taupo.OData.WCFService.Person Nullable=False]
	Expression = 
		SingleValuePropertyAccessNode
			Property = Home
			TypeReference = [Edm.GeographyPoint Nullable=True SRID=4326]
			Source = 
			EntityRangeVariableReferenceNode
				Name = $it
				NavigationSource = People
				TypeReference = [Microsoft.Test.Taupo.OData.WCFService.Person Nullable=False]
				Range Variable = Microsoft.OData.UriParser.EntityRangeVariable
	NotEqual
		ConvertNode
			TypeReference = [Edm.GeographyPoint Nullable=True SRID=4326]
			Source = 
			(Type: )