$filter = OpenNumbers/any(a: a eq '4258828080')


FilterQueryOption
	ItemType = [Microsoft.Test.Taupo.OData.WCFService.Employee Nullable=False]
	Parameter = 
	EntityRangeVariable
		Name = $it
		NavigationSource = Employees
		TypeReference = [Microsoft.Test.Taupo.OData.WCFService.Employee Nullable=False]
	Expression = 
	AnyNode
		TypeReference = [Edm.Boolean Nullable=True]
		Body = 
			ConvertNode
				TypeReference = [Edm.String Nullable=True Unicode=True]
				Source = 
				NonentityRangeVariableReferenceNode
					Name = a
					Range Variable = 
					NonentityRangeVariable
						Name = a
						TypeReference = 
					TypeReference = 
		Equal
			4258828080(Type: [Edm.String Nullable=True Unicode=True])
		Source = 
		CollectionOpenPropertyAccessNode
			Name = OpenNumbers
			Source = 
			EntityRangeVariableReferenceNode
				Name = $it
				NavigationSource = Employees
				TypeReference = [Microsoft.Test.Taupo.OData.WCFService.Employee Nullable=False]
				Range Variable = Microsoft.OData.UriParser.EntityRangeVariable
		Parameters = 
		NonentityRangeVariable
			Name = a
			TypeReference = 
		EntityRangeVariable
			Name = $it
			NavigationSource = Employees
			TypeReference = [Microsoft.Test.Taupo.OData.WCFService.Employee Nullable=False]