$filter = HomeAddress/Microsoft.Test.Taupo.OData.WCFService.HomeAddress/HomeNO ne '999'


FilterQueryOption
	ItemType = [Microsoft.Test.Taupo.OData.WCFService.Person Nullable=False]
	Parameter = 
	EntityRangeVariable
		Name = $it
		NavigationSource = People
		TypeReference = [Microsoft.Test.Taupo.OData.WCFService.Person Nullable=False]
	Expression = 
		SingleValuePropertyAccessNode
			Property = HomeNO
			TypeReference = [Edm.String Nullable=True Unicode=True]
			Source = 
			SingleValueCastNode
				TypeReference = [Microsoft.Test.Taupo.OData.WCFService.HomeAddress Nullable=False]
				Source = 
				SingleValuePropertyAccessNode
					Property = HomeAddress
					TypeReference = [Microsoft.Test.Taupo.OData.WCFService.Address Nullable=True]
					Source = 
					EntityRangeVariableReferenceNode
						Name = $it
						NavigationSource = People
						TypeReference = [Microsoft.Test.Taupo.OData.WCFService.Person Nullable=False]
						Range Variable = Microsoft.OData.Core.UriParser.EntityRangeVariable
	NotEqual
		999(Type: [Edm.String Nullable=True Unicode=True])