Combination: 1; TestConfiguration = Format: Atom, Request: False, Synchronous: True
Model Present: false
<?xml version="1.0" encoding="utf-8"?><entry xmlns="http://www.w3.org/2005/Atom" xmlns:d="http://docs.oasis-open.org/odata/ns/data" xmlns:m="http://docs.oasis-open.org/odata/ns/metadata" xmlns:georss="http://www.georss.org/georss" xmlns:gml="http://www.opengis.net/gml" m:context="http://odata.org/$metadata#MySet/$entity"><id>http://www.odata.org/entryid</id><link rel="self" href="http://www.odata.org/entry/readlink" /><title /><updated>9999-12-31T23:59:59Z</updated><author><name /></author><link rel="http://docs.oasis-open.org/odata/ns/relatedlinks/SampleLinkName" type="application/xml" title="SampleLinkName" href="http://odata.org/associationlink" hreflang="de-AT" length="999" /><content type="application/xml" /></entry>

Combination: 2; TestConfiguration = Format: Atom, Request: False, Synchronous: False
Model Present: false
<?xml version="1.0" encoding="utf-8"?><entry xmlns="http://www.w3.org/2005/Atom" xmlns:d="http://docs.oasis-open.org/odata/ns/data" xmlns:m="http://docs.oasis-open.org/odata/ns/metadata" xmlns:georss="http://www.georss.org/georss" xmlns:gml="http://www.opengis.net/gml" m:context="http://odata.org/$metadata#MySet/$entity"><id>http://www.odata.org/entryid</id><link rel="self" href="http://www.odata.org/entry/readlink" /><title /><updated>9999-12-31T23:59:59Z</updated><author><name /></author><link rel="http://docs.oasis-open.org/odata/ns/relatedlinks/SampleLinkName" type="application/xml" title="SampleLinkName" href="http://odata.org/associationlink" hreflang="de-AT" length="999" /><content type="application/xml" /></entry>

Combination: 3; TestConfiguration = Format: Atom, Request: False, Synchronous: True
Model Present: false
<?xml version="1.0" encoding="utf-8"?><entry xmlns="http://www.w3.org/2005/Atom" xmlns:d="http://docs.oasis-open.org/odata/ns/data" xmlns:m="http://docs.oasis-open.org/odata/ns/metadata" xmlns:georss="http://www.georss.org/georss" xmlns:gml="http://www.opengis.net/gml" m:context="http://odata.org/$metadata#MySet/$entity"><id>http://www.odata.org/entryid</id><link rel="self" href="http://www.odata.org/entry/readlink" /><title /><updated>9999-12-31T23:59:59Z</updated><author><name /></author><link rel="http://docs.oasis-open.org/odata/ns/relatedlinks/SampleLinkName" type="application/xml" title="SampleLinkName" href="http://odata.org/associationlink" hreflang="de-AT" length="999" /><content type="application/xml" /></entry>

Combination: 4; TestConfiguration = Format: Atom, Request: False, Synchronous: False
Model Present: false
<?xml version="1.0" encoding="utf-8"?><entry xmlns="http://www.w3.org/2005/Atom" xmlns:d="http://docs.oasis-open.org/odata/ns/data" xmlns:m="http://docs.oasis-open.org/odata/ns/metadata" xmlns:georss="http://www.georss.org/georss" xmlns:gml="http://www.opengis.net/gml" m:context="http://odata.org/$metadata#MySet/$entity"><id>http://www.odata.org/entryid</id><link rel="self" href="http://www.odata.org/entry/readlink" /><title /><updated>9999-12-31T23:59:59Z</updated><author><name /></author><link rel="http://docs.oasis-open.org/odata/ns/relatedlinks/SampleLinkName" type="application/xml" title="SampleLinkName" href="http://odata.org/associationlink" hreflang="de-AT" length="999" /><content type="application/xml" /></entry>

Combination: 21; TestConfiguration = Format: Atom, Request: False, Synchronous: True
Model Present: false
<?xml version="1.0" encoding="utf-8"?><entry xmlns="http://www.w3.org/2005/Atom" xmlns:d="http://docs.oasis-open.org/odata/ns/data" xmlns:m="http://docs.oasis-open.org/odata/ns/metadata" xmlns:georss="http://www.georss.org/georss" xmlns:gml="http://www.opengis.net/gml" m:context="http://odata.org/$metadata#MySet/$entity"><id>http://www.odata.org/entryid</id><link rel="self" href="http://www.odata.org/entry/readlink" /><title /><updated>9999-12-31T23:59:59Z</updated><author><name /></author><link rel="http://docs.oasis-open.org/odata/ns/relatedlinks/SampleLinkName" type="application/xml" title="SampleLinkName" href="http://odata.org/associationlink" /><content type="application/xml" /></entry>

Combination: 22; TestConfiguration = Format: Atom, Request: False, Synchronous: False
Model Present: false
<?xml version="1.0" encoding="utf-8"?><entry xmlns="http://www.w3.org/2005/Atom" xmlns:d="http://docs.oasis-open.org/odata/ns/data" xmlns:m="http://docs.oasis-open.org/odata/ns/metadata" xmlns:georss="http://www.georss.org/georss" xmlns:gml="http://www.opengis.net/gml" m:context="http://odata.org/$metadata#MySet/$entity"><id>http://www.odata.org/entryid</id><link rel="self" href="http://www.odata.org/entry/readlink" /><title /><updated>9999-12-31T23:59:59Z</updated><author><name /></author><link rel="http://docs.oasis-open.org/odata/ns/relatedlinks/SampleLinkName" type="application/xml" title="SampleLinkName" href="http://odata.org/associationlink" /><content type="application/xml" /></entry>

Combination: 23; TestConfiguration = Format: Atom, Request: False, Synchronous: True
Model Present: false
<?xml version="1.0" encoding="utf-8"?><entry xmlns="http://www.w3.org/2005/Atom" xmlns:d="http://docs.oasis-open.org/odata/ns/data" xmlns:m="http://docs.oasis-open.org/odata/ns/metadata" xmlns:georss="http://www.georss.org/georss" xmlns:gml="http://www.opengis.net/gml" m:context="http://odata.org/$metadata#MySet/$entity"><id>http://www.odata.org/entryid</id><link rel="self" href="http://www.odata.org/entry/readlink" /><title /><updated>9999-12-31T23:59:59Z</updated><author><name /></author><link rel="http://docs.oasis-open.org/odata/ns/relatedlinks/SampleLinkName" type="application/xml" title="SampleLinkName" href="http://odata.org/associationlink" /><content type="application/xml" /></entry>

Combination: 24; TestConfiguration = Format: Atom, Request: False, Synchronous: False
Model Present: false
<?xml version="1.0" encoding="utf-8"?><entry xmlns="http://www.w3.org/2005/Atom" xmlns:d="http://docs.oasis-open.org/odata/ns/data" xmlns:m="http://docs.oasis-open.org/odata/ns/metadata" xmlns:georss="http://www.georss.org/georss" xmlns:gml="http://www.opengis.net/gml" m:context="http://odata.org/$metadata#MySet/$entity"><id>http://www.odata.org/entryid</id><link rel="self" href="http://www.odata.org/entry/readlink" /><title /><updated>9999-12-31T23:59:59Z</updated><author><name /></author><link rel="http://docs.oasis-open.org/odata/ns/relatedlinks/SampleLinkName" type="application/xml" title="SampleLinkName" href="http://odata.org/associationlink" /><content type="application/xml" /></entry>

Combination: 25; TestConfiguration = Format: Atom, Request: False, Synchronous: True
Model Present: false
<?xml version="1.0" encoding="utf-8"?><entry xmlns="http://www.w3.org/2005/Atom" xmlns:d="http://docs.oasis-open.org/odata/ns/data" xmlns:m="http://docs.oasis-open.org/odata/ns/metadata" xmlns:georss="http://www.georss.org/georss" xmlns:gml="http://www.opengis.net/gml" m:context="http://odata.org/$metadata#MySet/$entity"><id>http://www.odata.org/entryid</id><link rel="self" href="http://www.odata.org/entry/readlink" /><title /><updated>9999-12-31T23:59:59Z</updated><author><name /></author><link rel="http://docs.oasis-open.org/odata/ns/relatedlinks/SampleLinkName" type="application/xml" title="SampleLinkName" href="http://odata.org/associationlink" /><content type="application/xml" /></entry>

Combination: 26; TestConfiguration = Format: Atom, Request: False, Synchronous: False
Model Present: false
<?xml version="1.0" encoding="utf-8"?><entry xmlns="http://www.w3.org/2005/Atom" xmlns:d="http://docs.oasis-open.org/odata/ns/data" xmlns:m="http://docs.oasis-open.org/odata/ns/metadata" xmlns:georss="http://www.georss.org/georss" xmlns:gml="http://www.opengis.net/gml" m:context="http://odata.org/$metadata#MySet/$entity"><id>http://www.odata.org/entryid</id><link rel="self" href="http://www.odata.org/entry/readlink" /><title /><updated>9999-12-31T23:59:59Z</updated><author><name /></author><link rel="http://docs.oasis-open.org/odata/ns/relatedlinks/SampleLinkName" type="application/xml" title="SampleLinkName" href="http://odata.org/associationlink" /><content type="application/xml" /></entry>

Combination: 27; TestConfiguration = Format: Atom, Request: False, Synchronous: True
Model Present: false
<?xml version="1.0" encoding="utf-8"?><entry xmlns="http://www.w3.org/2005/Atom" xmlns:d="http://docs.oasis-open.org/odata/ns/data" xmlns:m="http://docs.oasis-open.org/odata/ns/metadata" xmlns:georss="http://www.georss.org/georss" xmlns:gml="http://www.opengis.net/gml" m:context="http://odata.org/$metadata#MySet/$entity"><id>http://www.odata.org/entryid</id><link rel="self" href="http://www.odata.org/entry/readlink" /><title /><updated>9999-12-31T23:59:59Z</updated><author><name /></author><link rel="http://docs.oasis-open.org/odata/ns/relatedlinks/SampleLinkName" type="application/xml" title="SampleLinkName" href="http://odata.org/associationlink" /><content type="application/xml" /></entry>

Combination: 28; TestConfiguration = Format: Atom, Request: False, Synchronous: False
Model Present: false
<?xml version="1.0" encoding="utf-8"?><entry xmlns="http://www.w3.org/2005/Atom" xmlns:d="http://docs.oasis-open.org/odata/ns/data" xmlns:m="http://docs.oasis-open.org/odata/ns/metadata" xmlns:georss="http://www.georss.org/georss" xmlns:gml="http://www.opengis.net/gml" m:context="http://odata.org/$metadata#MySet/$entity"><id>http://www.odata.org/entryid</id><link rel="self" href="http://www.odata.org/entry/readlink" /><title /><updated>9999-12-31T23:59:59Z</updated><author><name /></author><link rel="http://docs.oasis-open.org/odata/ns/relatedlinks/SampleLinkName" type="application/xml" title="SampleLinkName" href="http://odata.org/associationlink" /><content type="application/xml" /></entry>

