Combination: 1; TestConfiguration = Format: Atom, Request: True, Synchronous: True
Model Present: false
<?xml version="1.0" encoding="utf-8"?><feed xmlns="http://www.w3.org/2005/Atom" xmlns:d="http://docs.oasis-open.org/odata/ns/data" xmlns:m="http://docs.oasis-open.org/odata/ns/metadata" xmlns:georss="http://www.georss.org/georss" xmlns:gml="http://www.opengis.net/gml" m:context="http://odata.org/$metadata#MySet"><id>http://www.odata.org/feedid</id><title /><updated>9999-12-31T23:59:59Z</updated><author><name /></author></feed>

Combination: 2; TestConfiguration = Format: Atom, Request: False, Synchronous: True
Model Present: false
<?xml version="1.0" encoding="utf-8"?><feed xmlns="http://www.w3.org/2005/Atom" xmlns:d="http://docs.oasis-open.org/odata/ns/data" xmlns:m="http://docs.oasis-open.org/odata/ns/metadata" xmlns:georss="http://www.georss.org/georss" xmlns:gml="http://www.opengis.net/gml" m:context="http://odata.org/$metadata#MySet"><id>http://www.odata.org/feedid</id><title /><updated>9999-12-31T23:59:59Z</updated><author><name /></author></feed>

Combination: 3; TestConfiguration = Format: Atom, Request: True, Synchronous: False
Model Present: false
<?xml version="1.0" encoding="utf-8"?><feed xmlns="http://www.w3.org/2005/Atom" xmlns:d="http://docs.oasis-open.org/odata/ns/data" xmlns:m="http://docs.oasis-open.org/odata/ns/metadata" xmlns:georss="http://www.georss.org/georss" xmlns:gml="http://www.opengis.net/gml" m:context="http://odata.org/$metadata#MySet"><id>http://www.odata.org/feedid</id><title /><updated>9999-12-31T23:59:59Z</updated><author><name /></author></feed>

Combination: 4; TestConfiguration = Format: Atom, Request: False, Synchronous: False
Model Present: false
<?xml version="1.0" encoding="utf-8"?><feed xmlns="http://www.w3.org/2005/Atom" xmlns:d="http://docs.oasis-open.org/odata/ns/data" xmlns:m="http://docs.oasis-open.org/odata/ns/metadata" xmlns:georss="http://www.georss.org/georss" xmlns:gml="http://www.opengis.net/gml" m:context="http://odata.org/$metadata#MySet"><id>http://www.odata.org/feedid</id><title /><updated>9999-12-31T23:59:59Z</updated><author><name /></author></feed>

Combination: 5; TestConfiguration = Format: Atom, Request: True, Synchronous: True
Model Present: false
<?xml version="1.0" encoding="utf-8"?><entry xmlns="http://www.w3.org/2005/Atom" xmlns:d="http://docs.oasis-open.org/odata/ns/data" xmlns:m="http://docs.oasis-open.org/odata/ns/metadata" xmlns:georss="http://www.georss.org/georss" xmlns:gml="http://www.opengis.net/gml" m:context="http://odata.org/$metadata#MySet/$entity"><id>http://www.odata.org/entryid</id><link rel="self" href="http://www.odata.org/entry/readlink" /><title /><updated>9999-12-31T23:59:59Z</updated><author><name /></author><content type="application/xml" /></entry>

Combination: 6; TestConfiguration = Format: Atom, Request: False, Synchronous: True
Model Present: false
<?xml version="1.0" encoding="utf-8"?><entry xmlns="http://www.w3.org/2005/Atom" xmlns:d="http://docs.oasis-open.org/odata/ns/data" xmlns:m="http://docs.oasis-open.org/odata/ns/metadata" xmlns:georss="http://www.georss.org/georss" xmlns:gml="http://www.opengis.net/gml" m:context="http://odata.org/$metadata#MySet/$entity"><id>http://www.odata.org/entryid</id><link rel="self" href="http://www.odata.org/entry/readlink" /><title /><updated>9999-12-31T23:59:59Z</updated><author><name /></author><content type="application/xml" /></entry>

Combination: 7; TestConfiguration = Format: Atom, Request: True, Synchronous: False
Model Present: false
<?xml version="1.0" encoding="utf-8"?><entry xmlns="http://www.w3.org/2005/Atom" xmlns:d="http://docs.oasis-open.org/odata/ns/data" xmlns:m="http://docs.oasis-open.org/odata/ns/metadata" xmlns:georss="http://www.georss.org/georss" xmlns:gml="http://www.opengis.net/gml" m:context="http://odata.org/$metadata#MySet/$entity"><id>http://www.odata.org/entryid</id><link rel="self" href="http://www.odata.org/entry/readlink" /><title /><updated>9999-12-31T23:59:59Z</updated><author><name /></author><content type="application/xml" /></entry>

Combination: 8; TestConfiguration = Format: Atom, Request: False, Synchronous: False
Model Present: false
<?xml version="1.0" encoding="utf-8"?><entry xmlns="http://www.w3.org/2005/Atom" xmlns:d="http://docs.oasis-open.org/odata/ns/data" xmlns:m="http://docs.oasis-open.org/odata/ns/metadata" xmlns:georss="http://www.georss.org/georss" xmlns:gml="http://www.opengis.net/gml" m:context="http://odata.org/$metadata#MySet/$entity"><id>http://www.odata.org/entryid</id><link rel="self" href="http://www.odata.org/entry/readlink" /><title /><updated>9999-12-31T23:59:59Z</updated><author><name /></author><content type="application/xml" /></entry>

Combination: 10; TestConfiguration = Format: Atom, Request: False, Synchronous: True
Model Present: false
<?xml version="1.0" encoding="utf-8"?><m:value xmlns:d="http://docs.oasis-open.org/odata/ns/data" xmlns:georss="http://www.georss.org/georss" xmlns:gml="http://www.opengis.net/gml" xmlns:m="http://docs.oasis-open.org/odata/ns/metadata" />

Combination: 12; TestConfiguration = Format: Atom, Request: False, Synchronous: False
Model Present: false
<?xml version="1.0" encoding="utf-8"?><m:value xmlns:d="http://docs.oasis-open.org/odata/ns/data" xmlns:georss="http://www.georss.org/georss" xmlns:gml="http://www.opengis.net/gml" xmlns:m="http://docs.oasis-open.org/odata/ns/metadata" />

Combination: 14; TestConfiguration = Format: Atom, Request: False, Synchronous: True
Model Present: false
<?xml version="1.0" encoding="utf-8"?><service xml:base="http://odata.org/" xmlns="http://www.w3.org/2007/app" xmlns:atom="http://www.w3.org/2005/Atom" xmlns:m="http://docs.oasis-open.org/odata/ns/metadata" m:context="http://odata.org/$metadata"><workspace><atom:title type="text">Default</atom:title></workspace></service>

Combination: 16; TestConfiguration = Format: Atom, Request: False, Synchronous: False
Model Present: false
<?xml version="1.0" encoding="utf-8"?><service xml:base="http://odata.org/" xmlns="http://www.w3.org/2007/app" xmlns:atom="http://www.w3.org/2005/Atom" xmlns:m="http://docs.oasis-open.org/odata/ns/metadata" m:context="http://odata.org/$metadata"><workspace><atom:title type="text">Default</atom:title></workspace></service>

Combination: 17; TestConfiguration = Format: Atom, Request: True, Synchronous: True
Model Present: false
<?xml version="1.0" encoding="utf-8"?><m:value xmlns:d="http://docs.oasis-open.org/odata/ns/data" xmlns:georss="http://www.georss.org/georss" xmlns:gml="http://www.opengis.net/gml" m:context="http://odata.org/$metadata#Edm.Int32" m:type="Int32" xmlns:m="http://docs.oasis-open.org/odata/ns/metadata">42</m:value>

Combination: 18; TestConfiguration = Format: Atom, Request: False, Synchronous: True
Model Present: false
<?xml version="1.0" encoding="utf-8"?><m:value xmlns:d="http://docs.oasis-open.org/odata/ns/data" xmlns:georss="http://www.georss.org/georss" xmlns:gml="http://www.opengis.net/gml" m:context="http://odata.org/$metadata#Edm.Int32" m:type="Int32" xmlns:m="http://docs.oasis-open.org/odata/ns/metadata">42</m:value>

Combination: 19; TestConfiguration = Format: Atom, Request: True, Synchronous: False
Model Present: false
<?xml version="1.0" encoding="utf-8"?><m:value xmlns:d="http://docs.oasis-open.org/odata/ns/data" xmlns:georss="http://www.georss.org/georss" xmlns:gml="http://www.opengis.net/gml" m:context="http://odata.org/$metadata#Edm.Int32" m:type="Int32" xmlns:m="http://docs.oasis-open.org/odata/ns/metadata">42</m:value>

Combination: 20; TestConfiguration = Format: Atom, Request: False, Synchronous: False
Model Present: false
<?xml version="1.0" encoding="utf-8"?><m:value xmlns:d="http://docs.oasis-open.org/odata/ns/data" xmlns:georss="http://www.georss.org/georss" xmlns:gml="http://www.opengis.net/gml" m:context="http://odata.org/$metadata#Edm.Int32" m:type="Int32" xmlns:m="http://docs.oasis-open.org/odata/ns/metadata">42</m:value>

Combination: 22; TestConfiguration = Format: Atom, Request: False, Synchronous: True
Model Present: false
<?xml version="1.0" encoding="utf-8"?><m:error xmlns:m="http://docs.oasis-open.org/odata/ns/metadata"><m:code /><m:message /></m:error>

Combination: 24; TestConfiguration = Format: Atom, Request: False, Synchronous: False
Model Present: false
<?xml version="1.0" encoding="utf-8"?><m:error xmlns:m="http://docs.oasis-open.org/odata/ns/metadata"><m:code /><m:message /></m:error>

Combination: 26; TestConfiguration = Format: Atom, Request: False, Synchronous: True
Model Present: false
<?xml version="1.0" encoding="utf-8"?><feed xmlns:m="http://docs.oasis-open.org/odata/ns/metadata" m:context="http://odata.org/$metadata#Collection($ref)" xmlns="http://www.w3.org/2005/Atom" />

Combination: 28; TestConfiguration = Format: Atom, Request: False, Synchronous: False
Model Present: false
<?xml version="1.0" encoding="utf-8"?><feed xmlns:m="http://docs.oasis-open.org/odata/ns/metadata" m:context="http://odata.org/$metadata#Collection($ref)" xmlns="http://www.w3.org/2005/Atom" />

Combination: 29; TestConfiguration = Format: Atom, Request: True, Synchronous: True
Model Present: false
<?xml version="1.0" encoding="utf-8"?><m:ref m:context="http://odata.org/$metadata#$ref" id="http://odata.org/link" xmlns:m="http://docs.oasis-open.org/odata/ns/metadata" />

Combination: 30; TestConfiguration = Format: Atom, Request: False, Synchronous: True
Model Present: false
<?xml version="1.0" encoding="utf-8"?><m:ref m:context="http://odata.org/$metadata#$ref" id="http://odata.org/link" xmlns:m="http://docs.oasis-open.org/odata/ns/metadata" />

Combination: 31; TestConfiguration = Format: Atom, Request: True, Synchronous: False
Model Present: false
<?xml version="1.0" encoding="utf-8"?><m:ref m:context="http://odata.org/$metadata#$ref" id="http://odata.org/link" xmlns:m="http://docs.oasis-open.org/odata/ns/metadata" />

Combination: 32; TestConfiguration = Format: Atom, Request: False, Synchronous: False
Model Present: false
<?xml version="1.0" encoding="utf-8"?><m:ref m:context="http://odata.org/$metadata#$ref" id="http://odata.org/link" xmlns:m="http://docs.oasis-open.org/odata/ns/metadata" />

