Combination: 1; TestConfiguration = Format: Atom, Request: False, Synchronous: True
Model Present: false
<?xml version="1.0" encoding="utf-8"?>
<feed xmlns="http://www.w3.org/2005/Atom" xmlns:d="http://docs.oasis-open.org/odata/ns/data" xmlns:m="http://docs.oasis-open.org/odata/ns/metadata" xmlns:georss="http://www.georss.org/georss" xmlns:gml="http://www.opengis.net/gml" m:context="http://odata.org/$metadata#MySet">
  <id>http://myfeedid/</id>
  <title />
  <updated>2010-10-12T17:13:00Z</updated>
  <author>
    <name>Bart</name>
  </author>
</feed>

Combination: 2; TestConfiguration = Format: Atom, Request: False, Synchronous: False
Model Present: false
<?xml version="1.0" encoding="utf-8"?>
<feed xmlns="http://www.w3.org/2005/Atom" xmlns:d="http://docs.oasis-open.org/odata/ns/data" xmlns:m="http://docs.oasis-open.org/odata/ns/metadata" xmlns:georss="http://www.georss.org/georss" xmlns:gml="http://www.opengis.net/gml" m:context="http://odata.org/$metadata#MySet">
  <id>http://myfeedid/</id>
  <title />
  <updated>2010-10-12T17:13:00Z</updated>
  <author>
    <name>Bart</name>
  </author>
</feed>

Combination: 3; TestConfiguration = Format: Atom, Request: False, Synchronous: True
Model Present: false
<?xml version="1.0" encoding="utf-8"?>
<feed xmlns="http://www.w3.org/2005/Atom" xmlns:d="http://docs.oasis-open.org/odata/ns/data" xmlns:m="http://docs.oasis-open.org/odata/ns/metadata" xmlns:georss="http://www.georss.org/georss" xmlns:gml="http://www.opengis.net/gml" m:context="http://odata.org/$metadata#MySet">
  <id>http://myfeedid/</id>
  <title />
  <updated>2010-10-12T17:13:00Z</updated>
  <author>
    <name>Bart</name>
  </author>
</feed>

Combination: 4; TestConfiguration = Format: Atom, Request: False, Synchronous: False
Model Present: false
<?xml version="1.0" encoding="utf-8"?>
<feed xmlns="http://www.w3.org/2005/Atom" xmlns:d="http://docs.oasis-open.org/odata/ns/data" xmlns:m="http://docs.oasis-open.org/odata/ns/metadata" xmlns:georss="http://www.georss.org/georss" xmlns:gml="http://www.opengis.net/gml" m:context="http://odata.org/$metadata#MySet">
  <id>http://myfeedid/</id>
  <title />
  <updated>2010-10-12T17:13:00Z</updated>
  <author>
    <name>Bart</name>
  </author>
</feed>

Combination: 5; TestConfiguration = Format: Atom, Request: False, Synchronous: True
Model Present: false
<?xml version="1.0" encoding="utf-8"?>
<feed xmlns="http://www.w3.org/2005/Atom" xmlns:d="http://docs.oasis-open.org/odata/ns/data" xmlns:m="http://docs.oasis-open.org/odata/ns/metadata" xmlns:georss="http://www.georss.org/georss" xmlns:gml="http://www.opengis.net/gml" m:context="http://odata.org/$metadata#MySet">
  <id>http://myfeedid/</id>
  <title />
  <updated>2010-10-12T17:13:00Z</updated>
  <author>
    <name />
  </author>
</feed>

Combination: 6; TestConfiguration = Format: Atom, Request: False, Synchronous: False
Model Present: false
<?xml version="1.0" encoding="utf-8"?>
<feed xmlns="http://www.w3.org/2005/Atom" xmlns:d="http://docs.oasis-open.org/odata/ns/data" xmlns:m="http://docs.oasis-open.org/odata/ns/metadata" xmlns:georss="http://www.georss.org/georss" xmlns:gml="http://www.opengis.net/gml" m:context="http://odata.org/$metadata#MySet">
  <id>http://myfeedid/</id>
  <title />
  <updated>2010-10-12T17:13:00Z</updated>
  <author>
    <name />
  </author>
</feed>

Combination: 7; TestConfiguration = Format: Atom, Request: False, Synchronous: True
Model Present: false
<?xml version="1.0" encoding="utf-8"?>
<feed xmlns="http://www.w3.org/2005/Atom" xmlns:d="http://docs.oasis-open.org/odata/ns/data" xmlns:m="http://docs.oasis-open.org/odata/ns/metadata" xmlns:georss="http://www.georss.org/georss" xmlns:gml="http://www.opengis.net/gml" m:context="http://odata.org/$metadata#MySet">
  <id>http://myfeedid/</id>
  <title />
  <updated>2010-10-12T17:13:00Z</updated>
  <author>
    <name>Bart</name>
  </author>
</feed>

Combination: 8; TestConfiguration = Format: Atom, Request: False, Synchronous: False
Model Present: false
<?xml version="1.0" encoding="utf-8"?>
<feed xmlns="http://www.w3.org/2005/Atom" xmlns:d="http://docs.oasis-open.org/odata/ns/data" xmlns:m="http://docs.oasis-open.org/odata/ns/metadata" xmlns:georss="http://www.georss.org/georss" xmlns:gml="http://www.opengis.net/gml" m:context="http://odata.org/$metadata#MySet">
  <id>http://myfeedid/</id>
  <title />
  <updated>2010-10-12T17:13:00Z</updated>
  <author>
    <name>Bart</name>
  </author>
</feed>

Combination: 9; TestConfiguration = Format: Atom, Request: False, Synchronous: True
Model Present: false
<?xml version="1.0" encoding="utf-8"?>
<feed xmlns="http://www.w3.org/2005/Atom" xmlns:d="http://docs.oasis-open.org/odata/ns/data" xmlns:m="http://docs.oasis-open.org/odata/ns/metadata" xmlns:georss="http://www.georss.org/georss" xmlns:gml="http://www.opengis.net/gml" m:context="http://odata.org/$metadata#MySet">
  <m:count>42</m:count>
  <id>http://myfeedid/</id>
  <title />
  <updated>2010-10-12T17:13:00Z</updated>
  <author>
    <name>Bart</name>
  </author>
  <link rel="next" href="http://odata.org/nextlink" />
</feed>

Combination: 10; TestConfiguration = Format: Atom, Request: False, Synchronous: False
Model Present: false
<?xml version="1.0" encoding="utf-8"?>
<feed xmlns="http://www.w3.org/2005/Atom" xmlns:d="http://docs.oasis-open.org/odata/ns/data" xmlns:m="http://docs.oasis-open.org/odata/ns/metadata" xmlns:georss="http://www.georss.org/georss" xmlns:gml="http://www.opengis.net/gml" m:context="http://odata.org/$metadata#MySet">
  <m:count>42</m:count>
  <id>http://myfeedid/</id>
  <title />
  <updated>2010-10-12T17:13:00Z</updated>
  <author>
    <name>Bart</name>
  </author>
  <link rel="next" href="http://odata.org/nextlink" />
</feed>

Combination: 11; TestConfiguration = Format: Atom, Request: False, Synchronous: True
Model Present: false
<?xml version="1.0" encoding="utf-8"?>
<feed xmlns="http://www.w3.org/2005/Atom" xmlns:d="http://docs.oasis-open.org/odata/ns/data" xmlns:m="http://docs.oasis-open.org/odata/ns/metadata" xmlns:georss="http://www.georss.org/georss" xmlns:gml="http://www.opengis.net/gml" m:context="http://odata.org/$metadata#MySet">
  <m:count>42</m:count>
  <id>http://myfeedid/</id>
  <title />
  <updated>2010-10-12T17:13:00Z</updated>
  <logo>http://odata.org/logo</logo>
  <author>
    <name>Bart</name>
  </author>
  <link rel="next" href="http://odata.org/nextlink" />
</feed>

Combination: 12; TestConfiguration = Format: Atom, Request: False, Synchronous: False
Model Present: false
<?xml version="1.0" encoding="utf-8"?>
<feed xmlns="http://www.w3.org/2005/Atom" xmlns:d="http://docs.oasis-open.org/odata/ns/data" xmlns:m="http://docs.oasis-open.org/odata/ns/metadata" xmlns:georss="http://www.georss.org/georss" xmlns:gml="http://www.opengis.net/gml" m:context="http://odata.org/$metadata#MySet">
  <m:count>42</m:count>
  <id>http://myfeedid/</id>
  <title />
  <updated>2010-10-12T17:13:00Z</updated>
  <logo>http://odata.org/logo</logo>
  <author>
    <name>Bart</name>
  </author>
  <link rel="next" href="http://odata.org/nextlink" />
</feed>

Combination: 13; TestConfiguration = Format: Atom, Request: False, Synchronous: True
Model Present: false
<?xml version="1.0" encoding="utf-8"?>
<feed xmlns="http://www.w3.org/2005/Atom" xmlns:d="http://docs.oasis-open.org/odata/ns/data" xmlns:m="http://docs.oasis-open.org/odata/ns/metadata" xmlns:georss="http://www.georss.org/georss" xmlns:gml="http://www.opengis.net/gml" m:context="http://odata.org/$metadata#MySet">
  <id>http://myfeedid/</id>
  <title />
  <updated>2010-10-12T17:13:00Z</updated>
  <author>
    <name>Bart</name>
  </author>
  <entry>
    <id />
    <title />
    <updated>2010-10-12T17:13:00Z</updated>
    <author>
      <name />
    </author>
    <content type="application/xml" />
  </entry>
</feed>

Combination: 14; TestConfiguration = Format: Atom, Request: False, Synchronous: False
Model Present: false
<?xml version="1.0" encoding="utf-8"?>
<feed xmlns="http://www.w3.org/2005/Atom" xmlns:d="http://docs.oasis-open.org/odata/ns/data" xmlns:m="http://docs.oasis-open.org/odata/ns/metadata" xmlns:georss="http://www.georss.org/georss" xmlns:gml="http://www.opengis.net/gml" m:context="http://odata.org/$metadata#MySet">
  <id>http://myfeedid/</id>
  <title />
  <updated>2010-10-12T17:13:00Z</updated>
  <author>
    <name>Bart</name>
  </author>
  <entry>
    <id />
    <title />
    <updated>2010-10-12T17:13:00Z</updated>
    <author>
      <name />
    </author>
    <content type="application/xml" />
  </entry>
</feed>

Combination: 15; TestConfiguration = Format: Atom, Request: False, Synchronous: True
Model Present: false
<?xml version="1.0" encoding="utf-8"?>
<feed xmlns="http://www.w3.org/2005/Atom" xmlns:d="http://docs.oasis-open.org/odata/ns/data" xmlns:m="http://docs.oasis-open.org/odata/ns/metadata" xmlns:georss="http://www.georss.org/georss" xmlns:gml="http://www.opengis.net/gml" m:context="http://odata.org/$metadata#MySet">
  <id>http://myfeedid/</id>
  <title />
  <updated>2010-10-12T17:13:00Z</updated>
  <author>
    <name>Bart</name>
  </author>
  <entry>
    <id />
    <title />
    <updated>2010-10-12T17:13:00Z</updated>
    <author>
      <name />
    </author>
    <content type="application/xml" />
  </entry>
</feed>

Combination: 16; TestConfiguration = Format: Atom, Request: False, Synchronous: False
Model Present: false
<?xml version="1.0" encoding="utf-8"?>
<feed xmlns="http://www.w3.org/2005/Atom" xmlns:d="http://docs.oasis-open.org/odata/ns/data" xmlns:m="http://docs.oasis-open.org/odata/ns/metadata" xmlns:georss="http://www.georss.org/georss" xmlns:gml="http://www.opengis.net/gml" m:context="http://odata.org/$metadata#MySet">
  <id>http://myfeedid/</id>
  <title />
  <updated>2010-10-12T17:13:00Z</updated>
  <author>
    <name>Bart</name>
  </author>
  <entry>
    <id />
    <title />
    <updated>2010-10-12T17:13:00Z</updated>
    <author>
      <name />
    </author>
    <content type="application/xml" />
  </entry>
</feed>

Combination: 17; TestConfiguration = Format: Atom, Request: False, Synchronous: True
Model Present: false
<?xml version="1.0" encoding="utf-8"?>
<feed xmlns="http://www.w3.org/2005/Atom" xmlns:d="http://docs.oasis-open.org/odata/ns/data" xmlns:m="http://docs.oasis-open.org/odata/ns/metadata" xmlns:georss="http://www.georss.org/georss" xmlns:gml="http://www.opengis.net/gml" m:context="http://odata.org/$metadata#MySet">
  <id>http://myfeedid/</id>
  <title />
  <updated>2010-10-12T17:13:00Z</updated>
  <entry>
    <id />
    <title />
    <updated>2010-10-12T17:13:00Z</updated>
    <author>
      <name />
    </author>
    <content type="application/xml" />
  </entry>
</feed>

Combination: 18; TestConfiguration = Format: Atom, Request: False, Synchronous: False
Model Present: false
<?xml version="1.0" encoding="utf-8"?>
<feed xmlns="http://www.w3.org/2005/Atom" xmlns:d="http://docs.oasis-open.org/odata/ns/data" xmlns:m="http://docs.oasis-open.org/odata/ns/metadata" xmlns:georss="http://www.georss.org/georss" xmlns:gml="http://www.opengis.net/gml" m:context="http://odata.org/$metadata#MySet">
  <id>http://myfeedid/</id>
  <title />
  <updated>2010-10-12T17:13:00Z</updated>
  <entry>
    <id />
    <title />
    <updated>2010-10-12T17:13:00Z</updated>
    <author>
      <name />
    </author>
    <content type="application/xml" />
  </entry>
</feed>

Combination: 19; TestConfiguration = Format: Atom, Request: False, Synchronous: True
Model Present: false
<?xml version="1.0" encoding="utf-8"?>
<feed xmlns="http://www.w3.org/2005/Atom" xmlns:d="http://docs.oasis-open.org/odata/ns/data" xmlns:m="http://docs.oasis-open.org/odata/ns/metadata" xmlns:georss="http://www.georss.org/georss" xmlns:gml="http://www.opengis.net/gml" m:context="http://odata.org/$metadata#MySet">
  <id>http://myfeedid/</id>
  <title />
  <updated>2010-10-12T17:13:00Z</updated>
  <author>
    <name>Bart</name>
  </author>
  <entry>
    <id />
    <title />
    <updated>2010-10-12T17:13:00Z</updated>
    <author>
      <name />
    </author>
    <content type="application/xml" />
  </entry>
</feed>

Combination: 20; TestConfiguration = Format: Atom, Request: False, Synchronous: False
Model Present: false
<?xml version="1.0" encoding="utf-8"?>
<feed xmlns="http://www.w3.org/2005/Atom" xmlns:d="http://docs.oasis-open.org/odata/ns/data" xmlns:m="http://docs.oasis-open.org/odata/ns/metadata" xmlns:georss="http://www.georss.org/georss" xmlns:gml="http://www.opengis.net/gml" m:context="http://odata.org/$metadata#MySet">
  <id>http://myfeedid/</id>
  <title />
  <updated>2010-10-12T17:13:00Z</updated>
  <author>
    <name>Bart</name>
  </author>
  <entry>
    <id />
    <title />
    <updated>2010-10-12T17:13:00Z</updated>
    <author>
      <name />
    </author>
    <content type="application/xml" />
  </entry>
</feed>

Combination: 21; TestConfiguration = Format: Atom, Request: False, Synchronous: True
Model Present: false
<?xml version="1.0" encoding="utf-8"?>
<feed xmlns="http://www.w3.org/2005/Atom" xmlns:d="http://docs.oasis-open.org/odata/ns/data" xmlns:m="http://docs.oasis-open.org/odata/ns/metadata" xmlns:georss="http://www.georss.org/georss" xmlns:gml="http://www.opengis.net/gml" m:context="http://odata.org/$metadata#MySet">
  <m:count>42</m:count>
  <id>http://myfeedid/</id>
  <title />
  <updated>2010-10-12T17:13:00Z</updated>
  <author>
    <name>Bart</name>
  </author>
  <entry>
    <id />
    <title />
    <updated>2010-10-12T17:13:00Z</updated>
    <author>
      <name />
    </author>
    <content type="application/xml" />
  </entry>
  <link rel="next" href="http://odata.org/nextlink" />
</feed>

Combination: 22; TestConfiguration = Format: Atom, Request: False, Synchronous: False
Model Present: false
<?xml version="1.0" encoding="utf-8"?>
<feed xmlns="http://www.w3.org/2005/Atom" xmlns:d="http://docs.oasis-open.org/odata/ns/data" xmlns:m="http://docs.oasis-open.org/odata/ns/metadata" xmlns:georss="http://www.georss.org/georss" xmlns:gml="http://www.opengis.net/gml" m:context="http://odata.org/$metadata#MySet">
  <m:count>42</m:count>
  <id>http://myfeedid/</id>
  <title />
  <updated>2010-10-12T17:13:00Z</updated>
  <author>
    <name>Bart</name>
  </author>
  <entry>
    <id />
    <title />
    <updated>2010-10-12T17:13:00Z</updated>
    <author>
      <name />
    </author>
    <content type="application/xml" />
  </entry>
  <link rel="next" href="http://odata.org/nextlink" />
</feed>

Combination: 23; TestConfiguration = Format: Atom, Request: False, Synchronous: True
Model Present: false
<?xml version="1.0" encoding="utf-8"?>
<feed xmlns="http://www.w3.org/2005/Atom" xmlns:d="http://docs.oasis-open.org/odata/ns/data" xmlns:m="http://docs.oasis-open.org/odata/ns/metadata" xmlns:georss="http://www.georss.org/georss" xmlns:gml="http://www.opengis.net/gml" m:context="http://odata.org/$metadata#MySet">
  <m:count>42</m:count>
  <id>http://myfeedid/</id>
  <title />
  <updated>2010-10-12T17:13:00Z</updated>
  <logo>http://odata.org/logo</logo>
  <author>
    <name>Bart</name>
  </author>
  <entry>
    <id />
    <title />
    <updated>2010-10-12T17:13:00Z</updated>
    <author>
      <name />
    </author>
    <content type="application/xml" />
  </entry>
  <link rel="next" href="http://odata.org/nextlink" />
</feed>

Combination: 24; TestConfiguration = Format: Atom, Request: False, Synchronous: False
Model Present: false
<?xml version="1.0" encoding="utf-8"?>
<feed xmlns="http://www.w3.org/2005/Atom" xmlns:d="http://docs.oasis-open.org/odata/ns/data" xmlns:m="http://docs.oasis-open.org/odata/ns/metadata" xmlns:georss="http://www.georss.org/georss" xmlns:gml="http://www.opengis.net/gml" m:context="http://odata.org/$metadata#MySet">
  <m:count>42</m:count>
  <id>http://myfeedid/</id>
  <title />
  <updated>2010-10-12T17:13:00Z</updated>
  <logo>http://odata.org/logo</logo>
  <author>
    <name>Bart</name>
  </author>
  <entry>
    <id />
    <title />
    <updated>2010-10-12T17:13:00Z</updated>
    <author>
      <name />
    </author>
    <content type="application/xml" />
  </entry>
  <link rel="next" href="http://odata.org/nextlink" />
</feed>

