Combination: 7; TestConfiguration = Format: Atom, Request: False, Synchronous: True
Model Present: false
<?xml version="1.0" encoding="utf-8"?>
<feed xmlns="http://www.w3.org/2005/Atom" xmlns:d="http://docs.oasis-open.org/odata/ns/data" xmlns:m="http://docs.oasis-open.org/odata/ns/metadata" xmlns:georss="http://www.georss.org/georss" xmlns:gml="http://www.opengis.net/gml" m:context="http://odata.org/$metadata#MySet">
  <id>http://www.odata.org/feedid</id>
  <title />
  <updated>9999-12-31T23:59:59Z</updated>
  <entry>
    <id>http://www.odata.org/entryid</id>
    <link rel="self" href="http://www.odata.org/entry/readlink" />
    <link rel="http://docs.oasis-open.org/odata/ns/related/SampleLinkName" type="application/atom+xml;type=feed" title="SampleLinkName" href="http://odata.org/link">
      <m:inline>
        <feed>
          <id>urn:id</id>
          <title />
          <updated>9999-12-31T23:59:59Z</updated>
          <author>
            <name />
          </author>
        </feed>
      </m:inline>
    </link>
    <title />
    <updated>9999-12-31T23:59:59Z</updated>
    <author>
      <name />
    </author>
    <content type="application/xml" />
  </entry>
</feed>

Combination: 8; TestConfiguration = Format: Atom, Request: False, Synchronous: False
Model Present: false
<?xml version="1.0" encoding="utf-8"?>
<feed xmlns="http://www.w3.org/2005/Atom" xmlns:d="http://docs.oasis-open.org/odata/ns/data" xmlns:m="http://docs.oasis-open.org/odata/ns/metadata" xmlns:georss="http://www.georss.org/georss" xmlns:gml="http://www.opengis.net/gml" m:context="http://odata.org/$metadata#MySet">
  <id>http://www.odata.org/feedid</id>
  <title />
  <updated>9999-12-31T23:59:59Z</updated>
  <entry>
    <id>http://www.odata.org/entryid</id>
    <link rel="self" href="http://www.odata.org/entry/readlink" />
    <link rel="http://docs.oasis-open.org/odata/ns/related/SampleLinkName" type="application/atom+xml;type=feed" title="SampleLinkName" href="http://odata.org/link">
      <m:inline>
        <feed>
          <id>urn:id</id>
          <title />
          <updated>9999-12-31T23:59:59Z</updated>
          <author>
            <name />
          </author>
        </feed>
      </m:inline>
    </link>
    <title />
    <updated>9999-12-31T23:59:59Z</updated>
    <author>
      <name />
    </author>
    <content type="application/xml" />
  </entry>
</feed>

Combination: 9; TestConfiguration = Format: Atom, Request: False, Synchronous: True
Model Present: false
<?xml version="1.0" encoding="utf-8"?>
<entry xmlns="http://www.w3.org/2005/Atom" xmlns:d="http://docs.oasis-open.org/odata/ns/data" xmlns:m="http://docs.oasis-open.org/odata/ns/metadata" xmlns:georss="http://www.georss.org/georss" xmlns:gml="http://www.opengis.net/gml" m:context="http://odata.org/$metadata#MySet/$entity">
  <id>http://www.odata.org/entryid</id>
  <link rel="self" href="http://www.odata.org/entry/readlink" />
  <link rel="http://docs.oasis-open.org/odata/ns/related/SampleLinkName" type="application/atom+xml;type=feed" title="SampleLinkName" href="http://odata.org/link">
    <m:inline>
      <feed>
        <id>urn:id</id>
        <title />
        <updated>9999-12-31T23:59:59Z</updated>
        <author>
          <name />
        </author>
      </feed>
    </m:inline>
  </link>
  <title />
  <updated>9999-12-31T23:59:59Z</updated>
  <author>
    <name />
  </author>
  <content type="application/xml" />
</entry>

Combination: 10; TestConfiguration = Format: Atom, Request: False, Synchronous: False
Model Present: false
<?xml version="1.0" encoding="utf-8"?>
<entry xmlns="http://www.w3.org/2005/Atom" xmlns:d="http://docs.oasis-open.org/odata/ns/data" xmlns:m="http://docs.oasis-open.org/odata/ns/metadata" xmlns:georss="http://www.georss.org/georss" xmlns:gml="http://www.opengis.net/gml" m:context="http://odata.org/$metadata#MySet/$entity">
  <id>http://www.odata.org/entryid</id>
  <link rel="self" href="http://www.odata.org/entry/readlink" />
  <link rel="http://docs.oasis-open.org/odata/ns/related/SampleLinkName" type="application/atom+xml;type=feed" title="SampleLinkName" href="http://odata.org/link">
    <m:inline>
      <feed>
        <id>urn:id</id>
        <title />
        <updated>9999-12-31T23:59:59Z</updated>
        <author>
          <name />
        </author>
      </feed>
    </m:inline>
  </link>
  <title />
  <updated>9999-12-31T23:59:59Z</updated>
  <author>
    <name />
  </author>
  <content type="application/xml" />
</entry>

Combination: 11; TestConfiguration = Format: Atom, Request: False, Synchronous: True
Model Present: false
<?xml version="1.0" encoding="utf-8"?>
<entry xmlns="http://www.w3.org/2005/Atom" xmlns:d="http://docs.oasis-open.org/odata/ns/data" xmlns:m="http://docs.oasis-open.org/odata/ns/metadata" xmlns:georss="http://www.georss.org/georss" xmlns:gml="http://www.opengis.net/gml" m:context="http://odata.org/$metadata#MySet/$entity">
  <id>http://www.odata.org/entryid</id>
  <link rel="self" href="http://www.odata.org/entry/readlink" />
  <link rel="http://docs.oasis-open.org/odata/ns/related/SampleLinkName" type="application/atom+xml;type=feed" title="SampleLinkName" href="http://odata.org/link">
    <m:inline>
      <feed>
        <id>http://www.odata.org/feedid</id>
        <title />
        <updated>9999-12-31T23:59:59Z</updated>
        <entry>
          <id>http://www.odata.org/entryid</id>
          <link rel="self" href="http://www.odata.org/entry/readlink" />
          <link rel="http://docs.oasis-open.org/odata/ns/related/SampleLinkName" type="application/atom+xml;type=feed" title="SampleLinkName" href="http://odata.org/link">
            <m:inline>
              <feed>
                <id>urn:id</id>
                <title />
                <updated>9999-12-31T23:59:59Z</updated>
                <author>
                  <name />
                </author>
              </feed>
            </m:inline>
          </link>
          <title />
          <updated>9999-12-31T23:59:59Z</updated>
          <author>
            <name />
          </author>
          <content type="application/xml" />
        </entry>
      </feed>
    </m:inline>
  </link>
  <title />
  <updated>9999-12-31T23:59:59Z</updated>
  <author>
    <name />
  </author>
  <content type="application/xml" />
</entry>

Combination: 12; TestConfiguration = Format: Atom, Request: False, Synchronous: False
Model Present: false
<?xml version="1.0" encoding="utf-8"?>
<entry xmlns="http://www.w3.org/2005/Atom" xmlns:d="http://docs.oasis-open.org/odata/ns/data" xmlns:m="http://docs.oasis-open.org/odata/ns/metadata" xmlns:georss="http://www.georss.org/georss" xmlns:gml="http://www.opengis.net/gml" m:context="http://odata.org/$metadata#MySet/$entity">
  <id>http://www.odata.org/entryid</id>
  <link rel="self" href="http://www.odata.org/entry/readlink" />
  <link rel="http://docs.oasis-open.org/odata/ns/related/SampleLinkName" type="application/atom+xml;type=feed" title="SampleLinkName" href="http://odata.org/link">
    <m:inline>
      <feed>
        <id>http://www.odata.org/feedid</id>
        <title />
        <updated>9999-12-31T23:59:59Z</updated>
        <entry>
          <id>http://www.odata.org/entryid</id>
          <link rel="self" href="http://www.odata.org/entry/readlink" />
          <link rel="http://docs.oasis-open.org/odata/ns/related/SampleLinkName" type="application/atom+xml;type=feed" title="SampleLinkName" href="http://odata.org/link">
            <m:inline>
              <feed>
                <id>urn:id</id>
                <title />
                <updated>9999-12-31T23:59:59Z</updated>
                <author>
                  <name />
                </author>
              </feed>
            </m:inline>
          </link>
          <title />
          <updated>9999-12-31T23:59:59Z</updated>
          <author>
            <name />
          </author>
          <content type="application/xml" />
        </entry>
      </feed>
    </m:inline>
  </link>
  <title />
  <updated>9999-12-31T23:59:59Z</updated>
  <author>
    <name />
  </author>
  <content type="application/xml" />
</entry>

